=== Testing Browserless Scraper ===

API Key configured: true
Key prefix: 2TgH0kmwnB...

Starting scrape of Bene (Architonic)...


≡ƒÅù∩╕Å [Browserless] Starting Architonic Scrape: https://www.architonic.com/en/b/bene/collections/3101988/
≡ƒîÉ Connecting to Browserless.io cloud browser...
Γ£à Connected to cloud browser
[15%] Navigating to brand page...
≡ƒöÆ Browser closed
